  Determining projects to restore...
C:\NB-MBWorks\Projects\AP\AutomationPortal\backend\tests\AutomationPortal.Infrastructure.IntegrationTests\AutomationPortal.Infrastructure.IntegrationTests.csproj : warning NU1903: Package 'Azure.Identity' 1.3.0 has a known high severity vulnerability, https://github.com/advisories/GHSA-5mfx-4wcx-rv27 [C:\NB-MBWorks\Projects\AP\AutomationPortal\backend\AutomationPortal.slnx]
C:\NB-MBWorks\Projects\AP\AutomationPortal\backend\tests\AutomationPortal.API.IntegrationTests\AutomationPortal.API.IntegrationTests.csproj : warning NU1903: Package 'Azure.Identity' 1.3.0 has a known high severity vulnerability, https://github.com/advisories/GHSA-5mfx-4wcx-rv27 [C:\NB-MBWorks\Projects\AP\AutomationPortal\backend\AutomationPortal.slnx]
C:\NB-MBWorks\Projects\AP\AutomationPortal\backend\tests\AutomationPortal.API.IntegrationTests\AutomationPortal.API.IntegrationTests.csproj : warning NU1902: Package 'Azure.Identity' 1.3.0 has a known moderate severity vulnerability, https://github.com/advisories/GHSA-m5vv-6r4h-3vj9 [C:\NB-MBWorks\Projects\AP\AutomationPortal\backend\AutomationPortal.slnx]
C:\NB-MBWorks\Projects\AP\AutomationPortal\backend\tests\AutomationPortal.Infrastructure.IntegrationTests\AutomationPortal.Infrastructure.IntegrationTests.csproj : warning NU1902: Package 'Azure.Identity' 1.3.0 has a known moderate severity vulnerability, https://github.com/advisories/GHSA-m5vv-6r4h-3vj9 [C:\NB-MBWorks\Projects\AP\AutomationPortal\backend\AutomationPortal.slnx]
C:\NB-MBWorks\Projects\AP\AutomationPortal\backend\tests\AutomationPortal.API.IntegrationTests\AutomationPortal.API.IntegrationTests.csproj : warning NU1902: Package 'Azure.Identity' 1.3.0 has a known moderate severity vulnerability, https://github.com/advisories/GHSA-wvxc-855f-jvrv [C:\NB-MBWorks\Projects\AP\AutomationPortal\backend\AutomationPortal.slnx]
C:\NB-MBWorks\Projects\AP\AutomationPortal\backend\tests\AutomationPortal.Infrastructure.IntegrationTests\AutomationPortal.Infrastructure.IntegrationTests.csproj : warning NU1902: Package 'Azure.Identity' 1.3.0 has a known moderate severity vulnerability, https://github.com/advisories/GHSA-wvxc-855f-jvrv [C:\NB-MBWorks\Projects\AP\AutomationPortal\backend\AutomationPortal.slnx]
  Restored C:\NB-MBWorks\Projects\AP\AutomationPortal\backend\src\AutomationPortal.API\AutomationPortal.API.csproj (in 413 ms).
  8 of 9 projects are up-to-date for restore.
C:\NB-MBWorks\Projects\AP\AutomationPortal\backend\tests\AutomationPortal.Infrastructure.IntegrationTests\AutomationPortal.Infrastructure.IntegrationTests.csproj : warning NU1903: Package 'Azure.Identity' 1.3.0 has a known high severity vulnerability, https://github.com/advisories/GHSA-5mfx-4wcx-rv27
C:\NB-MBWorks\Projects\AP\AutomationPortal\backend\tests\AutomationPortal.Infrastructure.IntegrationTests\AutomationPortal.Infrastructure.IntegrationTests.csproj : warning NU1902: Package 'Azure.Identity' 1.3.0 has a known moderate severity vulnerability, https://github.com/advisories/GHSA-m5vv-6r4h-3vj9
C:\NB-MBWorks\Projects\AP\AutomationPortal\backend\tests\AutomationPortal.Infrastructure.IntegrationTests\AutomationPortal.Infrastructure.IntegrationTests.csproj : warning NU1902: Package 'Azure.Identity' 1.3.0 has a known moderate severity vulnerability, https://github.com/advisories/GHSA-wvxc-855f-jvrv
  AutomationPortal.Domain -> C:\NB-MBWorks\Projects\AP\AutomationPortal\backend\src\AutomationPortal.Domain\bin\Debug\net10.0\AutomationPortal.Domain.dll
C:\NB-MBWorks\Projects\AP\AutomationPortal\backend\tests\AutomationPortal.API.IntegrationTests\AutomationPortal.API.IntegrationTests.csproj : warning NU1903: Package 'Azure.Identity' 1.3.0 has a known high severity vulnerability, https://github.com/advisories/GHSA-5mfx-4wcx-rv27
C:\NB-MBWorks\Projects\AP\AutomationPortal\backend\tests\AutomationPortal.API.IntegrationTests\AutomationPortal.API.IntegrationTests.csproj : warning NU1902: Package 'Azure.Identity' 1.3.0 has a known moderate severity vulnerability, https://github.com/advisories/GHSA-m5vv-6r4h-3vj9
C:\NB-MBWorks\Projects\AP\AutomationPortal\backend\tests\AutomationPortal.API.IntegrationTests\AutomationPortal.API.IntegrationTests.csproj : warning NU1902: Package 'Azure.Identity' 1.3.0 has a known moderate severity vulnerability, https://github.com/advisories/GHSA-wvxc-855f-jvrv
  AutomationPortal.Application -> C:\NB-MBWorks\Projects\AP\AutomationPortal\backend\src\AutomationPortal.Application\bin\Debug\net10.0\AutomationPortal.Application.dll
  AutomationPortal.Domain.UnitTests -> C:\NB-MBWorks\Projects\AP\AutomationPortal\backend\tests\AutomationPortal.Domain.UnitTests\bin\Debug\net10.0\AutomationPortal.Domain.UnitTests.dll
  AutomationPortal.Infrastructure -> C:\NB-MBWorks\Projects\AP\AutomationPortal\backend\src\AutomationPortal.Infrastructure\bin\Debug\net10.0\AutomationPortal.Infrastructure.dll
  AutomationPortal.Application.UnitTests -> C:\NB-MBWorks\Projects\AP\AutomationPortal\backend\tests\AutomationPortal.Application.UnitTests\bin\Debug\net10.0\AutomationPortal.Application.UnitTests.dll
C:\Program Files\dotnet\sdk\10.0.101\Microsoft.Common.CurrentVersion.targets(5080,5): warning MSB3026: Could not copy "C:\NB-MBWorks\Projects\AP\AutomationPortal\backend\src\AutomationPortal.Infrastructure\bin\Debug\net10.0\AutomationPortal.Infrastructure.dll" to "bin\Debug\net10.0\AutomationPortal.Infrastructure.dll". Beginning retry 1 in 1000ms. The process cannot access the file 'C:\NB-MBWorks\Projects\AP\AutomationPortal\backend\src\AutomationPortal.API\bin\Debug\net10.0\AutomationPortal.Infrastructure.dll' because it is being used by another process. The file is locked by: "AutomationPortal.API (25308)" [C:\NB-MBWorks\Projects\AP\AutomationPortal\backend\src\AutomationPortal.API\AutomationPortal.API.csproj]
C:\Program Files\dotnet\sdk\10.0.101\Microsoft.Common.CurrentVersion.targets(5080,5): warning MSB3026: Could not copy "C:\NB-MBWorks\Projects\AP\AutomationPortal\backend\src\AutomationPortal.Infrastructure\bin\Debug\net10.0\AutomationPortal.Infrastructure.dll" to "bin\Debug\net10.0\AutomationPortal.Infrastructure.dll". Beginning retry 2 in 1000ms. The process cannot access the file 'C:\NB-MBWorks\Projects\AP\AutomationPortal\backend\src\AutomationPortal.API\bin\Debug\net10.0\AutomationPortal.Infrastructure.dll' because it is being used by another process. The file is locked by: "AutomationPortal.API (25308)" [C:\NB-MBWorks\Projects\AP\AutomationPortal\backend\src\AutomationPortal.API\AutomationPortal.API.csproj]
  AutomationPortal.Infrastructure.IntegrationTests -> C:\NB-MBWorks\Projects\AP\AutomationPortal\backend\tests\AutomationPortal.Infrastructure.IntegrationTests\bin\Debug\net10.0\AutomationPortal.Infrastructure.IntegrationTests.dll
C:\Program Files\dotnet\sdk\10.0.101\Microsoft.Common.CurrentVersion.targets(5080,5): warning MSB3026: Could not copy "C:\NB-MBWorks\Projects\AP\AutomationPortal\backend\src\AutomationPortal.Infrastructure\bin\Debug\net10.0\AutomationPortal.Infrastructure.dll" to "bin\Debug\net10.0\AutomationPortal.Infrastructure.dll". Beginning retry 3 in 1000ms. The process cannot access the file 'C:\NB-MBWorks\Projects\AP\AutomationPortal\backend\src\AutomationPortal.API\bin\Debug\net10.0\AutomationPortal.Infrastructure.dll' because it is being used by another process. The file is locked by: "AutomationPortal.API (25308)" [C:\NB-MBWorks\Projects\AP\AutomationPortal\backend\src\AutomationPortal.API\AutomationPortal.API.csproj]
C:\Program Files\dotnet\sdk\10.0.101\Microsoft.Common.CurrentVersion.targets(5080,5): warning MSB3026: Could not copy "C:\NB-MBWorks\Projects\AP\AutomationPortal\backend\src\AutomationPortal.Infrastructure\bin\Debug\net10.0\AutomationPortal.Infrastructure.dll" to "bin\Debug\net10.0\AutomationPortal.Infrastructure.dll". Beginning retry 4 in 1000ms. The process cannot access the file 'C:\NB-MBWorks\Projects\AP\AutomationPortal\backend\src\AutomationPortal.API\bin\Debug\net10.0\AutomationPortal.Infrastructure.dll' because it is being used by another process. The file is locked by: "AutomationPortal.API (25308)" [C:\NB-MBWorks\Projects\AP\AutomationPortal\backend\src\AutomationPortal.API\AutomationPortal.API.csproj]
C:\Program Files\dotnet\sdk\10.0.101\Microsoft.Common.CurrentVersion.targets(5080,5): warning MSB3026: Could not copy "C:\NB-MBWorks\Projects\AP\AutomationPortal\backend\src\AutomationPortal.Infrastructure\bin\Debug\net10.0\AutomationPortal.Infrastructure.dll" to "bin\Debug\net10.0\AutomationPortal.Infrastructure.dll". Beginning retry 5 in 1000ms. The process cannot access the file 'C:\NB-MBWorks\Projects\AP\AutomationPortal\backend\src\AutomationPortal.API\bin\Debug\net10.0\AutomationPortal.Infrastructure.dll' because it is being used by another process. The file is locked by: "AutomationPortal.API (25308)" [C:\NB-MBWorks\Projects\AP\AutomationPortal\backend\src\AutomationPortal.API\AutomationPortal.API.csproj]
C:\Program Files\dotnet\sdk\10.0.101\Microsoft.Common.CurrentVersion.targets(5080,5): warning MSB3026: Could not copy "C:\NB-MBWorks\Projects\AP\AutomationPortal\backend\src\AutomationPortal.Infrastructure\bin\Debug\net10.0\AutomationPortal.Infrastructure.dll" to "bin\Debug\net10.0\AutomationPortal.Infrastructure.dll". Beginning retry 6 in 1000ms. The process cannot access the file 'C:\NB-MBWorks\Projects\AP\AutomationPortal\backend\src\AutomationPortal.API\bin\Debug\net10.0\AutomationPortal.Infrastructure.dll' because it is being used by another process. The file is locked by: "AutomationPortal.API (25308)" [C:\NB-MBWorks\Projects\AP\AutomationPortal\backend\src\AutomationPortal.API\AutomationPortal.API.csproj]
C:\Program Files\dotnet\sdk\10.0.101\Microsoft.Common.CurrentVersion.targets(5080,5): warning MSB3026: Could not copy "C:\NB-MBWorks\Projects\AP\AutomationPortal\backend\src\AutomationPortal.Infrastructure\bin\Debug\net10.0\AutomationPortal.Infrastructure.dll" to "bin\Debug\net10.0\AutomationPortal.Infrastructure.dll". Beginning retry 7 in 1000ms. The process cannot access the file 'C:\NB-MBWorks\Projects\AP\AutomationPortal\backend\src\AutomationPortal.API\bin\Debug\net10.0\AutomationPortal.Infrastructure.dll' because it is being used by another process. The file is locked by: "AutomationPortal.API (25308)" [C:\NB-MBWorks\Projects\AP\AutomationPortal\backend\src\AutomationPortal.API\AutomationPortal.API.csproj]
C:\Program Files\dotnet\sdk\10.0.101\Microsoft.Common.CurrentVersion.targets(5080,5): warning MSB3026: Could not copy "C:\NB-MBWorks\Projects\AP\AutomationPortal\backend\src\AutomationPortal.Infrastructure\bin\Debug\net10.0\AutomationPortal.Infrastructure.dll" to "bin\Debug\net10.0\AutomationPortal.Infrastructure.dll". Beginning retry 8 in 1000ms. The process cannot access the file 'C:\NB-MBWorks\Projects\AP\AutomationPortal\backend\src\AutomationPortal.API\bin\Debug\net10.0\AutomationPortal.Infrastructure.dll' because it is being used by another process. The file is locked by: "AutomationPortal.API (25308)" [C:\NB-MBWorks\Projects\AP\AutomationPortal\backend\src\AutomationPortal.API\AutomationPortal.API.csproj]
C:\Program Files\dotnet\sdk\10.0.101\Microsoft.Common.CurrentVersion.targets(5080,5): warning MSB3026: Could not copy "C:\NB-MBWorks\Projects\AP\AutomationPortal\backend\src\AutomationPortal.Infrastructure\bin\Debug\net10.0\AutomationPortal.Infrastructure.dll" to "bin\Debug\net10.0\AutomationPortal.Infrastructure.dll". Beginning retry 9 in 1000ms. The process cannot access the file 'C:\NB-MBWorks\Projects\AP\AutomationPortal\backend\src\AutomationPortal.API\bin\Debug\net10.0\AutomationPortal.Infrastructure.dll' because it is being used by another process. The file is locked by: "AutomationPortal.API (25308)" [C:\NB-MBWorks\Projects\AP\AutomationPortal\backend\src\AutomationPortal.API\AutomationPortal.API.csproj]
C:\Program Files\dotnet\sdk\10.0.101\Microsoft.Common.CurrentVersion.targets(5080,5): warning MSB3026: Could not copy "C:\NB-MBWorks\Projects\AP\AutomationPortal\backend\src\AutomationPortal.Infrastructure\bin\Debug\net10.0\AutomationPortal.Infrastructure.dll" to "bin\Debug\net10.0\AutomationPortal.Infrastructure.dll". Beginning retry 10 in 1000ms. The process cannot access the file 'C:\NB-MBWorks\Projects\AP\AutomationPortal\backend\src\AutomationPortal.API\bin\Debug\net10.0\AutomationPortal.Infrastructure.dll' because it is being used by another process. The file is locked by: "AutomationPortal.API (25308)" [C:\NB-MBWorks\Projects\AP\AutomationPortal\backend\src\AutomationPortal.API\AutomationPortal.API.csproj]
C:\Program Files\dotnet\sdk\10.0.101\Microsoft.Common.CurrentVersion.targets(5080,5): error MSB3027: Could not copy "C:\NB-MBWorks\Projects\AP\AutomationPortal\backend\src\AutomationPortal.Infrastructure\bin\Debug\net10.0\AutomationPortal.Infrastructure.dll" to "bin\Debug\net10.0\AutomationPortal.Infrastructure.dll". Exceeded retry count of 10. Failed. The file is locked by: "AutomationPortal.API (25308)" [C:\NB-MBWorks\Projects\AP\AutomationPortal\backend\src\AutomationPortal.API\AutomationPortal.API.csproj]
C:\Program Files\dotnet\sdk\10.0.101\Microsoft.Common.CurrentVersion.targets(5080,5): error MSB3021: Unable to copy file "C:\NB-MBWorks\Projects\AP\AutomationPortal\backend\src\AutomationPortal.Infrastructure\bin\Debug\net10.0\AutomationPortal.Infrastructure.dll" to "bin\Debug\net10.0\AutomationPortal.Infrastructure.dll". The process cannot access the file 'C:\NB-MBWorks\Projects\AP\AutomationPortal\backend\src\AutomationPortal.API\bin\Debug\net10.0\AutomationPortal.Infrastructure.dll' because it is being used by another process. [C:\NB-MBWorks\Projects\AP\AutomationPortal\backend\src\AutomationPortal.API\AutomationPortal.API.csproj]

Build FAILED.

C:\NB-MBWorks\Projects\AP\AutomationPortal\backend\tests\AutomationPortal.Infrastructure.IntegrationTests\AutomationPortal.Infrastructure.IntegrationTests.csproj : warning NU1903: Package 'Azure.Identity' 1.3.0 has a known high severity vulnerability, https://github.com/advisories/GHSA-5mfx-4wcx-rv27 [C:\NB-MBWorks\Projects\AP\AutomationPortal\backend\AutomationPortal.slnx]
C:\NB-MBWorks\Projects\AP\AutomationPortal\backend\tests\AutomationPortal.API.IntegrationTests\AutomationPortal.API.IntegrationTests.csproj : warning NU1903: Package 'Azure.Identity' 1.3.0 has a known high severity vulnerability, https://github.com/advisories/GHSA-5mfx-4wcx-rv27 [C:\NB-MBWorks\Projects\AP\AutomationPortal\backend\AutomationPortal.slnx]
C:\NB-MBWorks\Projects\AP\AutomationPortal\backend\tests\AutomationPortal.API.IntegrationTests\AutomationPortal.API.IntegrationTests.csproj : warning NU1902: Package 'Azure.Identity' 1.3.0 has a known moderate severity vulnerability, https://github.com/advisories/GHSA-m5vv-6r4h-3vj9 [C:\NB-MBWorks\Projects\AP\AutomationPortal\backend\AutomationPortal.slnx]
C:\NB-MBWorks\Projects\AP\AutomationPortal\backend\tests\AutomationPortal.Infrastructure.IntegrationTests\AutomationPortal.Infrastructure.IntegrationTests.csproj : warning NU1902: Package 'Azure.Identity' 1.3.0 has a known moderate severity vulnerability, https://github.com/advisories/GHSA-m5vv-6r4h-3vj9 [C:\NB-MBWorks\Projects\AP\AutomationPortal\backend\AutomationPortal.slnx]
C:\NB-MBWorks\Projects\AP\AutomationPortal\backend\tests\AutomationPortal.API.IntegrationTests\AutomationPortal.API.IntegrationTests.csproj : warning NU1902: Package 'Azure.Identity' 1.3.0 has a known moderate severity vulnerability, https://github.com/advisories/GHSA-wvxc-855f-jvrv [C:\NB-MBWorks\Projects\AP\AutomationPortal\backend\AutomationPortal.slnx]
C:\NB-MBWorks\Projects\AP\AutomationPortal\backend\tests\AutomationPortal.Infrastructure.IntegrationTests\AutomationPortal.Infrastructure.IntegrationTests.csproj : warning NU1902: Package 'Azure.Identity' 1.3.0 has a known moderate severity vulnerability, https://github.com/advisories/GHSA-wvxc-855f-jvrv [C:\NB-MBWorks\Projects\AP\AutomationPortal\backend\AutomationPortal.slnx]
C:\NB-MBWorks\Projects\AP\AutomationPortal\backend\tests\AutomationPortal.Infrastructure.IntegrationTests\AutomationPortal.Infrastructure.IntegrationTests.csproj : warning NU1903: Package 'Azure.Identity' 1.3.0 has a known high severity vulnerability, https://github.com/advisories/GHSA-5mfx-4wcx-rv27
C:\NB-MBWorks\Projects\AP\AutomationPortal\backend\tests\AutomationPortal.Infrastructure.IntegrationTests\AutomationPortal.Infrastructure.IntegrationTests.csproj : warning NU1902: Package 'Azure.Identity' 1.3.0 has a known moderate severity vulnerability, https://github.com/advisories/GHSA-m5vv-6r4h-3vj9
C:\NB-MBWorks\Projects\AP\AutomationPortal\backend\tests\AutomationPortal.Infrastructure.IntegrationTests\AutomationPortal.Infrastructure.IntegrationTests.csproj : warning NU1902: Package 'Azure.Identity' 1.3.0 has a known moderate severity vulnerability, https://github.com/advisories/GHSA-wvxc-855f-jvrv
C:\NB-MBWorks\Projects\AP\AutomationPortal\backend\tests\AutomationPortal.API.IntegrationTests\AutomationPortal.API.IntegrationTests.csproj : warning NU1903: Package 'Azure.Identity' 1.3.0 has a known high severity vulnerability, https://github.com/advisories/GHSA-5mfx-4wcx-rv27
C:\NB-MBWorks\Projects\AP\AutomationPortal\backend\tests\AutomationPortal.API.IntegrationTests\AutomationPortal.API.IntegrationTests.csproj : warning NU1902: Package 'Azure.Identity' 1.3.0 has a known moderate severity vulnerability, https://github.com/advisories/GHSA-m5vv-6r4h-3vj9
C:\NB-MBWorks\Projects\AP\AutomationPortal\backend\tests\AutomationPortal.API.IntegrationTests\AutomationPortal.API.IntegrationTests.csproj : warning NU1902: Package 'Azure.Identity' 1.3.0 has a known moderate severity vulnerability, https://github.com/advisories/GHSA-wvxc-855f-jvrv
C:\Program Files\dotnet\sdk\10.0.101\Microsoft.Common.CurrentVersion.targets(5080,5): warning MSB3026: Could not copy "C:\NB-MBWorks\Projects\AP\AutomationPortal\backend\src\AutomationPortal.Infrastructure\bin\Debug\net10.0\AutomationPortal.Infrastructure.dll" to "bin\Debug\net10.0\AutomationPortal.Infrastructure.dll". Beginning retry 1 in 1000ms. The process cannot access the file 'C:\NB-MBWorks\Projects\AP\AutomationPortal\backend\src\AutomationPortal.API\bin\Debug\net10.0\AutomationPortal.Infrastructure.dll' because it is being used by another process. The file is locked by: "AutomationPortal.API (25308)" [C:\NB-MBWorks\Projects\AP\AutomationPortal\backend\src\AutomationPortal.API\AutomationPortal.API.csproj]
C:\Program Files\dotnet\sdk\10.0.101\Microsoft.Common.CurrentVersion.targets(5080,5): warning MSB3026: Could not copy "C:\NB-MBWorks\Projects\AP\AutomationPortal\backend\src\AutomationPortal.Infrastructure\bin\Debug\net10.0\AutomationPortal.Infrastructure.dll" to "bin\Debug\net10.0\AutomationPortal.Infrastructure.dll". Beginning retry 2 in 1000ms. The process cannot access the file 'C:\NB-MBWorks\Projects\AP\AutomationPortal\backend\src\AutomationPortal.API\bin\Debug\net10.0\AutomationPortal.Infrastructure.dll' because it is being used by another process. The file is locked by: "AutomationPortal.API (25308)" [C:\NB-MBWorks\Projects\AP\AutomationPortal\backend\src\AutomationPortal.API\AutomationPortal.API.csproj]
C:\Program Files\dotnet\sdk\10.0.101\Microsoft.Common.CurrentVersion.targets(5080,5): warning MSB3026: Could not copy "C:\NB-MBWorks\Projects\AP\AutomationPortal\backend\src\AutomationPortal.Infrastructure\bin\Debug\net10.0\AutomationPortal.Infrastructure.dll" to "bin\Debug\net10.0\AutomationPortal.Infrastructure.dll". Beginning retry 3 in 1000ms. The process cannot access the file 'C:\NB-MBWorks\Projects\AP\AutomationPortal\backend\src\AutomationPortal.API\bin\Debug\net10.0\AutomationPortal.Infrastructure.dll' because it is being used by another process. The file is locked by: "AutomationPortal.API (25308)" [C:\NB-MBWorks\Projects\AP\AutomationPortal\backend\src\AutomationPortal.API\AutomationPortal.API.csproj]
C:\Program Files\dotnet\sdk\10.0.101\Microsoft.Common.CurrentVersion.targets(5080,5): warning MSB3026: Could not copy "C:\NB-MBWorks\Projects\AP\AutomationPortal\backend\src\AutomationPortal.Infrastructure\bin\Debug\net10.0\AutomationPortal.Infrastructure.dll" to "bin\Debug\net10.0\AutomationPortal.Infrastructure.dll". Beginning retry 4 in 1000ms. The process cannot access the file 'C:\NB-MBWorks\Projects\AP\AutomationPortal\backend\src\AutomationPortal.API\bin\Debug\net10.0\AutomationPortal.Infrastructure.dll' because it is being used by another process. The file is locked by: "AutomationPortal.API (25308)" [C:\NB-MBWorks\Projects\AP\AutomationPortal\backend\src\AutomationPortal.API\AutomationPortal.API.csproj]
C:\Program Files\dotnet\sdk\10.0.101\Microsoft.Common.CurrentVersion.targets(5080,5): warning MSB3026: Could not copy "C:\NB-MBWorks\Projects\AP\AutomationPortal\backend\src\AutomationPortal.Infrastructure\bin\Debug\net10.0\AutomationPortal.Infrastructure.dll" to "bin\Debug\net10.0\AutomationPortal.Infrastructure.dll". Beginning retry 5 in 1000ms. The process cannot access the file 'C:\NB-MBWorks\Projects\AP\AutomationPortal\backend\src\AutomationPortal.API\bin\Debug\net10.0\AutomationPortal.Infrastructure.dll' because it is being used by another process. The file is locked by: "AutomationPortal.API (25308)" [C:\NB-MBWorks\Projects\AP\AutomationPortal\backend\src\AutomationPortal.API\AutomationPortal.API.csproj]
C:\Program Files\dotnet\sdk\10.0.101\Microsoft.Common.CurrentVersion.targets(5080,5): warning MSB3026: Could not copy "C:\NB-MBWorks\Projects\AP\AutomationPortal\backend\src\AutomationPortal.Infrastructure\bin\Debug\net10.0\AutomationPortal.Infrastructure.dll" to "bin\Debug\net10.0\AutomationPortal.Infrastructure.dll". Beginning retry 6 in 1000ms. The process cannot access the file 'C:\NB-MBWorks\Projects\AP\AutomationPortal\backend\src\AutomationPortal.API\bin\Debug\net10.0\AutomationPortal.Infrastructure.dll' because it is being used by another process. The file is locked by: "AutomationPortal.API (25308)" [C:\NB-MBWorks\Projects\AP\AutomationPortal\backend\src\AutomationPortal.API\AutomationPortal.API.csproj]
C:\Program Files\dotnet\sdk\10.0.101\Microsoft.Common.CurrentVersion.targets(5080,5): warning MSB3026: Could not copy "C:\NB-MBWorks\Projects\AP\AutomationPortal\backend\src\AutomationPortal.Infrastructure\bin\Debug\net10.0\AutomationPortal.Infrastructure.dll" to "bin\Debug\net10.0\AutomationPortal.Infrastructure.dll". Beginning retry 7 in 1000ms. The process cannot access the file 'C:\NB-MBWorks\Projects\AP\AutomationPortal\backend\src\AutomationPortal.API\bin\Debug\net10.0\AutomationPortal.Infrastructure.dll' because it is being used by another process. The file is locked by: "AutomationPortal.API (25308)" [C:\NB-MBWorks\Projects\AP\AutomationPortal\backend\src\AutomationPortal.API\AutomationPortal.API.csproj]
C:\Program Files\dotnet\sdk\10.0.101\Microsoft.Common.CurrentVersion.targets(5080,5): warning MSB3026: Could not copy "C:\NB-MBWorks\Projects\AP\AutomationPortal\backend\src\AutomationPortal.Infrastructure\bin\Debug\net10.0\AutomationPortal.Infrastructure.dll" to "bin\Debug\net10.0\AutomationPortal.Infrastructure.dll". Beginning retry 8 in 1000ms. The process cannot access the file 'C:\NB-MBWorks\Projects\AP\AutomationPortal\backend\src\AutomationPortal.API\bin\Debug\net10.0\AutomationPortal.Infrastructure.dll' because it is being used by another process. The file is locked by: "AutomationPortal.API (25308)" [C:\NB-MBWorks\Projects\AP\AutomationPortal\backend\src\AutomationPortal.API\AutomationPortal.API.csproj]
C:\Program Files\dotnet\sdk\10.0.101\Microsoft.Common.CurrentVersion.targets(5080,5): warning MSB3026: Could not copy "C:\NB-MBWorks\Projects\AP\AutomationPortal\backend\src\AutomationPortal.Infrastructure\bin\Debug\net10.0\AutomationPortal.Infrastructure.dll" to "bin\Debug\net10.0\AutomationPortal.Infrastructure.dll". Beginning retry 9 in 1000ms. The process cannot access the file 'C:\NB-MBWorks\Projects\AP\AutomationPortal\backend\src\AutomationPortal.API\bin\Debug\net10.0\AutomationPortal.Infrastructure.dll' because it is being used by another process. The file is locked by: "AutomationPortal.API (25308)" [C:\NB-MBWorks\Projects\AP\AutomationPortal\backend\src\AutomationPortal.API\AutomationPortal.API.csproj]
C:\Program Files\dotnet\sdk\10.0.101\Microsoft.Common.CurrentVersion.targets(5080,5): warning MSB3026: Could not copy "C:\NB-MBWorks\Projects\AP\AutomationPortal\backend\src\AutomationPortal.Infrastructure\bin\Debug\net10.0\AutomationPortal.Infrastructure.dll" to "bin\Debug\net10.0\AutomationPortal.Infrastructure.dll". Beginning retry 10 in 1000ms. The process cannot access the file 'C:\NB-MBWorks\Projects\AP\AutomationPortal\backend\src\AutomationPortal.API\bin\Debug\net10.0\AutomationPortal.Infrastructure.dll' because it is being used by another process. The file is locked by: "AutomationPortal.API (25308)" [C:\NB-MBWorks\Projects\AP\AutomationPortal\backend\src\AutomationPortal.API\AutomationPortal.API.csproj]
C:\Program Files\dotnet\sdk\10.0.101\Microsoft.Common.CurrentVersion.targets(5080,5): error MSB3027: Could not copy "C:\NB-MBWorks\Projects\AP\AutomationPortal\backend\src\AutomationPortal.Infrastructure\bin\Debug\net10.0\AutomationPortal.Infrastructure.dll" to "bin\Debug\net10.0\AutomationPortal.Infrastructure.dll". Exceeded retry count of 10. Failed. The file is locked by: "AutomationPortal.API (25308)" [C:\NB-MBWorks\Projects\AP\AutomationPortal\backend\src\AutomationPortal.API\AutomationPortal.API.csproj]
C:\Program Files\dotnet\sdk\10.0.101\Microsoft.Common.CurrentVersion.targets(5080,5): error MSB3021: Unable to copy file "C:\NB-MBWorks\Projects\AP\AutomationPortal\backend\src\AutomationPortal.Infrastructure\bin\Debug\net10.0\AutomationPortal.Infrastructure.dll" to "bin\Debug\net10.0\AutomationPortal.Infrastructure.dll". The process cannot access the file 'C:\NB-MBWorks\Projects\AP\AutomationPortal\backend\src\AutomationPortal.API\bin\Debug\net10.0\AutomationPortal.Infrastructure.dll' because it is being used by another process. [C:\NB-MBWorks\Projects\AP\AutomationPortal\backend\src\AutomationPortal.API\AutomationPortal.API.csproj]
    22 Warning(s)
    2 Error(s)

Time Elapsed 00:00:17.45
